// Jest Snapshot v1, https://goo.gl/fbAQLP

exports[`matches snapshot 1`] = `
<div
  className="StyledGrommet-sc-19lkkz7-0 jirFMY"
>
  <header
    className="StyledBox-sc-13pk1d4-0 jwhdBG"
  >
    <div
      className="StyledBox-sc-13pk1d4-0 dfYOnT"
    >
      <svg
        aria-label="User"
        className="StyledIcon-ofa7kd-0 dcacLZ"
        viewBox="0 0 24 24"
      >
        <path
          d="M8,24 L8,19 M16,24 L16,19 M3,24 L3,19 C3,14.0294373 7.02943725,11 12,11 C16.9705627,11 21,14.0294373 21,19 L21,24 M12,11 C14.7614237,11 17,8.76142375 17,6 C17,3.23857625 14.7614237,1 12,1 C9.23857625,1 7,3.23857625 7,6 C7,8.76142375 9.23857625,11 12,11 Z"
          fill="none"
          stroke="#000"
          strokeWidth="2"
        />
      </svg>
      <div
        className="StyledBox__StyledBoxGap-sc-13pk1d4-1 eBVJAG"
      />
      <a
        className="StyledAnchor-sc-1rp7lwl-0 ePWGdF"
        href="#"
        onBlur={[Function]}
        onFocus={[Function]}
      >
        Welcome 
      </a>
    </div>
    <div
      className="StyledBox__StyledBoxGap-sc-13pk1d4-1 ffHQai"
    />
    <nav
      className="StyledBox-sc-13pk1d4-0 glIhNO"
    >
      <a
        className="StyledAnchor-sc-1rp7lwl-0 eaoGTv"
        href="/teacherdashboard"
        onBlur={[Function]}
        onFocus={[Function]}
      >
        Dashboard
      </a>
      <div
        className="StyledBox__StyledBoxGap-sc-13pk1d4-1 ffHQai"
      />
      <a
        className="StyledAnchor-sc-1rp7lwl-0 eaoGTv"
        href="/teacherchangepassword"
        onBlur={[Function]}
        onFocus={[Function]}
      >
        Password Change
      </a>
      <div
        className="StyledBox__StyledBoxGap-sc-13pk1d4-1 ffHQai"
      />
      <button
        className="StyledButton-sc-323bzc-0 bZMlsb"
        id="logoutBtn"
        onBlur={[Function]}
        onClick={[Function]}
        onFocus={[Function]}
        onMouseOut={[Function]}
        onMouseOver={[Function]}
        type="button"
      >
        <svg
          aria-label="Logout"
          className="StyledIcon-ofa7kd-0 eBBIEF"
          viewBox="0 0 24 24"
        >
          <path
            d="M13,9 L13,2 L1,2 L1,22 L13,22 L13,15 M22,12 L5,12 M17,7 L22,12 L17,17"
            fill="none"
            stroke="#231F20"
            strokeWidth="2"
          />
        </svg>
      </button>
    </nav>
  </header>
  <div
    className="StyledBox-sc-13pk1d4-0 bxevCE"
    style={
      Object {
        "marginTop": "7%",
      }
    }
  >
    <div
      className="StyledBox-sc-13pk1d4-0 bJtzEt"
      style={
        Object {
          "marginBottom": "3%",
        }
      }
    >
      <img
        className="StyledImage-ey4zx9-0 iBeQsm"
        src="teacherpass.svg"
      />
    </div>
    <form
      onReset={[Function]}
      onSubmit={[Function]}
    >
      <div
        className="StyledBox-sc-13pk1d4-0 bUdAeb"
      >
        <div
          className="StyledBox-sc-13pk1d4-0 dLXLoO FormField__FormFieldBox-m9hood-0 jGEMXj"
          onBlur={[Function]}
          onFocus={[Function]}
        >
          <label
            className="StyledText-sc-1sadyjn-0 drTEXR"
          >
            Email
          </label>
          <div
            className="StyledBox-sc-13pk1d4-0 gmReJc FormField__FormFieldContentBox-m9hood-1"
          >
            <div
              className="StyledMaskedInput__StyledMaskedInputContainer-sc-99vkfa-1 dOerlP"
            >
              <input
                autoComplete="off"
                className="StyledMaskedInput-sc-99vkfa-0 gMZsTd"
                name="email"
                onBlur={[Function]}
                onChange={[Function]}
                onFocus={[Function]}
                onKeyDown={[Function]}
                placeholder="example@gmail.com"
                value=""
              />
            </div>
          </div>
        </div>
        <div
          className="StyledBox-sc-13pk1d4-0 dLXLoO FormField__FormFieldBox-m9hood-0 jGEMXj"
          onBlur={[Function]}
          onFocus={[Function]}
        >
          <label
            className="StyledText-sc-1sadyjn-0 drTEXR"
          >
            Old Password
          </label>
          <div
            className="StyledBox-sc-13pk1d4-0 gmReJc FormField__FormFieldContentBox-m9hood-1"
          >
            <div
              className="StyledBox-sc-13pk1d4-0 hpZuiW"
            >
              <div
                className="StyledTextInput__StyledTextInputContainer-sc-1x30a0s-1 dpaJQp"
              >
                <input
                  autoComplete="off"
                  className="StyledTextInput-sc-1x30a0s-0 hubMyb"
                  onBlur={[Function]}
                  onChange={[Function]}
                  onFocus={[Function]}
                  onKeyDown={[Function]}
                  type="password"
                  value=""
                />
              </div>
              <button
                className="StyledButton-sc-323bzc-0 hiyJPE"
                onBlur={[Function]}
                onClick={[Function]}
                onFocus={[Function]}
                onMouseOut={[Function]}
                onMouseOver={[Function]}
                type="button"
              >
                <svg
                  aria-label="Hide"
                  className="StyledIcon-ofa7kd-0 dEeaTZ"
                  viewBox="0 0 24 24"
                >
                  <path
                    d="M12,17 C9.27272727,17 6,14.2222222 6,12 C6,9.77777778 9.27272727,7 12,7 C14.7272727,7 18,9.77777778 18,12 C18,14.2222222 14.7272727,17 12,17 Z M11,12 C11,12.55225 11.44775,13 12,13 C12.55225,13 13,12.55225 13,12 C13,11.44775 12.55225,11 12,11 C11.44775,11 11,11.44775 11,12 Z M20,5 L4,19"
                    fill="none"
                    stroke="#000"
                    strokeWidth="2"
                  />
                </svg>
              </button>
            </div>
          </div>
        </div>
        <div
          className="StyledBox-sc-13pk1d4-0 cgsQvy"
        >
          <button
            className="StyledButton-sc-323bzc-0 iVPikU"
            data-testid="button"
            onBlur={[Function]}
            onClick={[Function]}
            onFocus={[Function]}
            onMouseOut={[Function]}
            onMouseOver={[Function]}
            type="submit"
          >
            Request Password Change
          </button>
        </div>
      </div>
    </form>
  </div>
</div>
`;
